// Jest Snapshot v1, https://goo.gl/fbAQLP

exports[`Input should match the snapshot 1`] = `
<div
  class="MuiFormControl-root MuiFormControl-fullWidth MuiTextField-root css-wb57ya-MuiFormControl-root-MuiTextField-root"
>
  <div
    class="MuiOutlinedInput-root MuiInputBase-root MuiInputBase-colorPrimary MuiInputBase-fullWidth MuiInputBase-formControl MuiInputBase-adornedStart css-8j6b76-MuiInputBase-root-MuiOutlinedInput-root"
    inputmode="numeric"
  >
    <div
      class="MuiInputAdornment-root MuiInputAdornment-positionStart MuiInputAdornment-outlined MuiInputAdornment-sizeMedium css-ittuaa-MuiInputAdornment-root"
    >
      <span
        class="notranslate"
      >
        ​
      </span>
      <dollar-sign.svg />
    </div>
    <input
      aria-invalid="false"
      class="MuiOutlinedInput-input MuiInputBase-input MuiInputBase-inputAdornedStart css-1o9s3wi-MuiInputBase-input-MuiOutlinedInput-input"
      id="input-with-icon-textfield"
      inputmode="numeric"
      type="text"
      value=""
    />
    <fieldset
      aria-hidden="true"
      class="MuiOutlinedInput-notchedOutline css-1d3z3hw-MuiOutlinedInput-notchedOutline"
    >
      <legend
        class="css-nnbavb"
      >
        <span
          class="notranslate"
        >
          ​
        </span>
      </legend>
    </fieldset>
  </div>
</div>
`;
